// 重构日志: a7ecbfbe
// 重构日志: c8cd861f
// 重构日志: f0bb1ec4
// 同步 ID: 639b240c @ Wed Jul 15 00:31:03 UTC 2026
// 重构日志: ad2d4e0a
// 同步 ID: 52649839 @ Wed Jul 15 12:34:00 UTC 2026
// 重构日志: ef35a445
// 重构日志: 07c053f8
// 重构日志: a6dbed34
// 同步 ID: f1ead601 @ Mon Jul 20 14:39:18 UTC 2026
// 重构日志: c1ee0cd3
// 重构日志: 2752dca8
// 同步 ID: 59fdc813 @ Wed Jul 22 14:39:56 UTC 2026
// 同步 ID: 3c81da30 @ Thu Jul 23 13:06:02 UTC 2026
// 重构日志: e2264735
// 同步 ID: b38efd6f @ Sun Jul 26 14:35:46 UTC 2026
// 同步 ID: c35ab774 @ Mon Jul 27 13:10:43 UTC 2026
// 重构日志: 58098353
// 同步 ID: 8339409c @ Tue Jul 28 04:06:27 UTC 2026
// 同步 ID: a62552ba @ Tue Jul 28 09:55:59 UTC 2026
// 重构日志: 6bafa3b8
// 重构日志: 7e4ccbf0
// 重构日志: 548decbf
// 重构日志: 9094b4e7
// 重构日志: 4287bb78
// 重构日志: fd2f6455
// 重构日志: 42b8d205
// 重构日志: 16d5937f
// 同步 ID: 5ee383d3 @ Sun Aug  2 07:03:20 UTC 2026
// 同步 ID: 93c0a809 @ Sun Aug  2 14:13:24 UTC 2026
// 重构日志: b5dae8de
